yarn run v1.22.22
$ /Users/brendantoole/projects/frontend_def2/node_modules/.bin/tsc
src/components/common/KpiStatsCard.tsx(34,3): error TS6133: 'borderPosition' is declared but its value is never read.
src/components/enhanced/cards/ActionItemsCard.tsx(85,9): error TS6133: 'getStatusColor' is declared but its value is never read.
src/components/enhanced/tables/DataTable.tsx(79,3): error TS6133: 'searchValue' is declared but its value is never read.
src/components/enhanced/tables/DataTable.tsx(328,45): error TS6133: 'columnIndex' is declared but its value is never read.
src/components/integration/AuthorizationImport.tsx(31,3): error TS6133: 'useTheme' is declared but its value is never read.
src/components/integration/ReconciliationReport.tsx(26,3): error TS6133: 'useTheme' is declared but its value is never read.
src/components/layout/AppBar.tsx(38,9): error TS6133: 'mode' is declared but its value is never read.
src/components/layout/AppBar/AppBarContent.tsx(137,7): error TS6133: 'RankChip' is declared but its value is never read.
src/components/layout/AppBar/AppBarContent.tsx(150,7): error TS6133: 'MilitaryAvatar' is declared but its value is never read.
src/components/layout/AppBar/AppBarContent.tsx(236,9): error TS6133: 'rank' is declared but its value is never read.
src/components/layout/AppBar/AppBarContent.tsx(237,9): error TS6133: 'name' is declared but its value is never read.
src/components/layout/EnhancedSidebar.tsx(74,9): error TS6133: 'toggleExpand' is declared but its value is never read.
src/components/layout/Sidebar/SidebarContainer.tsx(8,59): error TS6133: 'collapsed' is declared but its value is never read.
src/components/layout/Sidebar/SidebarContainer.tsx(9,9): error TS6133: 'theme' is declared but its value is never read.
src/components/layout/Sidebar/SidebarContainer.tsx(29,9): error TS6133: 'theme' is declared but its value is never read.
src/components/layout/Sidebar/SidebarFooter.tsx(9,3): error TS6133: 'handleToggleCollapse' is declared but its value is never read.
src/components/layout/Sidebar/SidebarNavItem.tsx(16,3): error TS6133: 'index' is declared but its value is never read.
src/components/property/ArmsRoomStatusCard.tsx(33,3): error TS6133: 'sopStatus' is declared but its value is never read.
src/components/property/ArmsRoomStatusCard.tsx(34,3): error TS6133: 'sopRevisionDate' is declared but its value is never read.
src/components/property/HandReceiptManagementCard.tsx(75,9): error TS6133: 'getStatusColor' is declared but its value is never read.
src/components/property/TransactionHistoryTable.tsx(108,29): error TS6133: 'event' is declared but its value is never read.
src/components/property/TransactionHistoryTable.tsx(124,9): error TS6133: 'handleSelectTransaction' is declared but its value is never read.
src/components/search/AdvancedSearchEngine.tsx(2,249): error TS6133: 'useTheme' is declared but its value is never read.
src/components/search/AdvancedSearchEngine.tsx(464,9): error TS6133: 'getLogicalOperatorLabel' is declared but its value is never read.
src/pages/Dashboard/components/PropertyDistributionVisualization.tsx(105,5): error TS6133: 'event' is declared but its value is never read.
src/pages/Dashboard/components/RecentActivityFeed.tsx(2,48): error TS6133: 'useTheme' is declared but its value is never read.
src/pages/Dashboard/components/SystemStatusFooter.tsx(36,22): error TS6133: 'setSystemInfo' is declared but its value is never read.
src/pages/Dashboard/components/SystemStatusFooter.tsx(72,9): error TS6133: 'pulseAnimation' is declared but its value is never read.
src/pages/Dashboard/components/UpcomingAccountabilityRequirements.tsx(22,11): error TS6133: 'progressValue' is declared but its value is never read.
src/pages/EquipmentReadiness/index.tsx(2,24): error TS6133: 'useTheme' is declared but its value is never read.
src/pages/EquipmentReadiness/styles.ts(8,3): error TS6133: 'statusFMCSx' is declared but its value is never read.
src/pages/EquipmentReadiness/styles.ts(9,3): error TS6133: 'statusPMCSx' is declared but its value is never read.
src/pages/EquipmentReadiness/styles.ts(10,3): error TS6133: 'statusNMCSx' is declared but its value is never read.
src/pages/EquipmentReadiness/styles.ts(11,3): error TS6133: 'statusAdminSx' is declared but its value is never read.
src/pages/Inventories/components/ChangeOfCommandPlanner.tsx(35,79): error TS6133: 'simplified' is declared but its value is never read.
src/pages/Inventories/components/ChangeOfCommandPlanner.tsx(39,28): error TS6133: 'event' is declared but its value is never read.
src/pages/Inventories/components/DiscrepancyManagementPanel.tsx(19,3): error TS6133: 'useTheme' is declared but its value is never read.
src/pages/Inventories/components/DiscrepancyManagementPanel.tsx(31,10): error TS6133: 'selectedDiscrepancy' is declared but its value is never read.
src/pages/Inventories/components/InventoriesHeader.tsx(2,27): error TS6133: 'Alert' is declared but its value is never read.
src/pages/Inventories/components/InventoryManagementTable.tsx(37,3): error TS6133: 'selectedInventory' is declared but its value is never read.
src/pages/Inventories/components/InventoryManagementTable.tsx(41,31): error TS6133: 'setSelectedInventoryId' is declared but its value is never read.
src/pages/Inventories/components/InventoryManagementTable.tsx(183,9): error TS6133: 'renderIdCell' is declared but its value is never read.
src/pages/Inventories/components/InventoryManagementTable.tsx(221,9): error TS6133: 'handleRowClick' is declared but its value is never read.
src/pages/Maintenance/components/MaintenanceRequestTable.tsx(141,3): error TS6133: 'category' is declared but its value is never read.
src/pages/Maintenance/components/MaintenanceStatusOverview.tsx(59,78): error TS6133: 'onScanQrCode' is declared but its value is never read.
src/pages/PropertyBook/components/AddItemModal.tsx(20,3): error TS6133: 'useTheme' is declared but its value is never read.
src/pages/PropertyBook/components/DA2062Modal.tsx(26,23): error TS6133: 'setCurrentPage' is declared but its value is never read.
src/pages/PropertyBook/components/DA2062Modal.tsx(346,35): error TS6133: 'index' is declared but its value is never read.
src/pages/PropertyBook/components/InventoryModal.tsx(104,9): error TS6133: 'formatCurrency' is declared but its value is never read.
src/pages/PropertyBook/components/PropertyBookPanel.tsx(2,31): error TS6133: 'useTheme' is declared but its value is never read.
src/pages/PropertyBook/components/TransferModal.tsx(2,202): error TS6133: 'useTheme' is declared but its value is never read.
src/pages/PropertyBook/context/PropertyBookContext.tsx(79,25): error TS6133: 'setPropertyItems' is declared but its value is never read.
src/pages/QrManagement/components/ManageQrCodesTab.tsx(209,30): error TS6133: 'index' is declared but its value is never read.
src/pages/QrManagement/components/PrintQrCodesTab.tsx(154,34): error TS6133: 'index' is declared but its value is never read.
src/pages/QrManagement/index.tsx(14,9): error TS6133: 'metrics' is declared but its value is never read.
src/pages/Reports/components/BlockchainVerificationModal.tsx(16,3): error TS6133: 'useTheme' is declared but its value is never read.
src/pages/Reports/components/CustomReportForm.tsx(14,3): error TS6133: 'useTheme' is declared but its value is never read.
src/pages/Reports/components/GenerateReportModal.tsx(17,3): error TS6133: 'useTheme' is declared but its value is never read.
src/pages/Reports/components/ReportsList.tsx(76,29): error TS6133: 'event' is declared but its value is never read.
src/pages/Reports/index.tsx(101,10): error TS6133: 'filters' is declared but its value is never read.
src/pages/SensitiveItems/components/ActionCards.tsx(2,62): error TS6133: 'useTheme' is declared but its value is never read.
src/pages/SensitiveItems/components/InventoryTable.tsx(62,3): error TS6133: 'actionItem' is declared but its value is never read.
src/pages/TransfersMovement/components/TransferManagementTable.tsx(85,39): error TS6133: 'index' is declared but its value is never read.
src/pages/TransfersMovement/components/TransferPipeline.tsx(17,28): error TS6133: 'event' is declared but its value is never read.
src/theme/components/avatar.ts(8,9): error TS6133: 'patterns' is declared but its value is never read.
src/theme/components/chip.ts(8,9): error TS6133: 'patterns' is declared but its value is never read.
src/theme/components/divider.ts(8,9): error TS6133: 'patterns' is declared but its value is never read.
src/theme/components/iconButton.ts(8,9): error TS6133: 'patterns' is declared but its value is never read.
src/theme/components/linearProgress.ts(8,9): error TS6133: 'patterns' is declared but its value is never read.
src/theme/components/paper.ts(8,9): error TS6133: 'patterns' is declared but its value is never read.
src/theme/index.ts(1,60): error TS6133: 'ThemeOptions' is declared but its value is never read.
src/theme/patterns.ts(550,24): error TS6133: 'theme' is declared but its value is never read.
src/theme/patterns.ts(585,34): error TS6133: 'theme' is declared but its value is never read.
src/theme/patterns.ts(784,33): error TS6133: 'theme' is declared but its value is never read.
info Visit https://yarnpkg.com/en/docs/cli/run for documentation about this command.
